  Determining projects to restore...
  All projects are up-to-date for restore.
  Haworks.Architecture.Analyzers -> /Users/chidionyema/Documents/code/haworks-platform/.claude/worktrees/fix-build-arch-contract-errors/src/Analyzers/Haworks.Architecture.Analyzers/bin/Debug/netstandard2.0/Haworks.Architecture.Analyzers.dll
  Haworks.BuildingBlocks.Testing -> /Users/chidionyema/Documents/code/haworks-platform/.claude/worktrees/fix-build-arch-contract-errors/src/BuildingBlocks.Testing/bin/Debug/net9.0/Haworks.BuildingBlocks.Testing.dll
  Haworks.Contracts -> /Users/chidionyema/Documents/code/haworks-platform/.claude/worktrees/fix-build-arch-contract-errors/src/Contracts/bin/Debug/net9.0/Haworks.Contracts.dll
  Payments.Contract -> /Users/chidionyema/Documents/code/haworks-platform/.claude/worktrees/fix-build-arch-contract-errors/tests/Payments/Payments.Contract/bin/Debug/net9.0/Haworks.Payments.Contract.dll
  Catalog.Contract -> /Users/chidionyema/Documents/code/haworks-platform/.claude/worktrees/fix-build-arch-contract-errors/tests/Catalog/Catalog.Contract/bin/Debug/net9.0/Haworks.Catalog.Contract.dll
  Haworks.BuildingBlocks -> /Users/chidionyema/Documents/code/haworks-platform/.claude/worktrees/fix-build-arch-contract-errors/src/BuildingBlocks/bin/Debug/net9.0/Haworks.BuildingBlocks.dll
  Identity.Contract -> /Users/chidionyema/Documents/code/haworks-platform/.claude/worktrees/fix-build-arch-contract-errors/tests/Identity/Identity.Contract/bin/Debug/net9.0/Haworks.Identity.Contract.dll
  Orders.Contract -> /Users/chidionyema/Documents/code/haworks-platform/.claude/worktrees/fix-build-arch-contract-errors/tests/Orders/Orders.Contract/bin/Debug/net9.0/Haworks.Orders.Contract.dll
  Catalog.Domain -> /Users/chidionyema/Documents/code/haworks-platform/.claude/worktrees/fix-build-arch-contract-errors/src/Catalog/Catalog.Domain/bin/Debug/net9.0/Catalog.Domain.dll
  BffWeb.Domain -> /Users/chidionyema/Documents/code/haworks-platform/.claude/worktrees/fix-build-arch-contract-errors/src/BffWeb/BffWeb.Domain/bin/Debug/net9.0/BffWeb.Domain.dll
  Pricing.Domain -> /Users/chidionyema/Documents/code/haworks-platform/.claude/worktrees/fix-build-arch-contract-errors/src/Pricing/Pricing.Domain/bin/Debug/net9.0/Pricing.Domain.dll
  Search.Domain -> /Users/chidionyema/Documents/code/haworks-platform/.claude/worktrees/fix-build-arch-contract-errors/src/Search/Search.Domain/bin/Debug/net9.0/Search.Domain.dll
  Merchant.Domain -> /Users/chidionyema/Documents/code/haworks-platform/.claude/worktrees/fix-build-arch-contract-errors/src/Merchant/Merchant.Domain/bin/Debug/net9.0/Merchant.Domain.dll
  Notifications.Domain -> /Users/chidionyema/Documents/code/haworks-platform/.claude/worktrees/fix-build-arch-contract-errors/src/Notifications/Notifications.Domain/bin/Debug/net9.0/Haworks.Notifications.Domain.dll
  CheckoutOrchestrator.Domain -> /Users/chidionyema/Documents/code/haworks-platform/.claude/worktrees/fix-build-arch-contract-errors/src/CheckoutOrchestrator/CheckoutOrchestrator.Domain/bin/Debug/net9.0/CheckoutOrchestrator.Domain.dll
  Orders.Domain -> /Users/chidionyema/Documents/code/haworks-platform/.claude/worktrees/fix-build-arch-contract-errors/src/Orders/Orders.Domain/bin/Debug/net9.0/Orders.Domain.dll
  Webhooks.Domain -> /Users/chidionyema/Documents/code/haworks-platform/.claude/worktrees/fix-build-arch-contract-errors/src/Webhooks/Webhooks.Domain/bin/Debug/net9.0/Haworks.Webhooks.Domain.dll
  BuildingBlocks.Tests -> /Users/chidionyema/Documents/code/haworks-platform/.claude/worktrees/fix-build-arch-contract-errors/tests/BuildingBlocks/BuildingBlocks.Tests/bin/Debug/net9.0/Haworks.BuildingBlocks.Tests.dll
  Audit.Domain -> /Users/chidionyema/Documents/code/haworks-platform/.claude/worktrees/fix-build-arch-contract-errors/src/Audit/Audit.Domain/bin/Debug/net9.0/Haworks.Audit.Domain.dll
  CheckoutOrchestrator.Application -> /Users/chidionyema/Documents/code/haworks-platform/.claude/worktrees/fix-build-arch-contract-errors/src/CheckoutOrchestrator/CheckoutOrchestrator.Application/bin/Debug/net9.0/CheckoutOrchestrator.Application.dll
  Pricing.Application -> /Users/chidionyema/Documents/code/haworks-platform/.claude/worktrees/fix-build-arch-contract-errors/src/Pricing/Pricing.Application/bin/Debug/net9.0/Pricing.Application.dll
  Orders.Application -> /Users/chidionyema/Documents/code/haworks-platform/.claude/worktrees/fix-build-arch-contract-errors/src/Orders/Orders.Application/bin/Debug/net9.0/Orders.Application.dll
  Privacy.Domain -> /Users/chidionyema/Documents/code/haworks-platform/.claude/worktrees/fix-build-arch-contract-errors/src/Privacy/Privacy.Domain/bin/Debug/net9.0/Privacy.Domain.dll
  BuildingBlocks.Unit -> /Users/chidionyema/Documents/code/haworks-platform/.claude/worktrees/fix-build-arch-contract-errors/tests/BuildingBlocks/BuildingBlocks.Unit/bin/Debug/net9.0/Haworks.BuildingBlocks.Unit.dll
  Scheduler.Domain -> /Users/chidionyema/Documents/code/haworks-platform/.claude/worktrees/fix-build-arch-contract-errors/src/Scheduler/Scheduler.Domain/bin/Debug/net9.0/Scheduler.Domain.dll
  Location.Domain -> /Users/chidionyema/Documents/code/haworks-platform/.claude/worktrees/fix-build-arch-contract-errors/src/Location/Location.Domain/bin/Debug/net9.0/Haworks.Location.Domain.dll
  Catalog.Application -> /Users/chidionyema/Documents/code/haworks-platform/.claude/worktrees/fix-build-arch-contract-errors/src/Catalog/Catalog.Application/bin/Debug/net9.0/Catalog.Application.dll
  Orders.Infrastructure -> /Users/chidionyema/Documents/code/haworks-platform/.claude/worktrees/fix-build-arch-contract-errors/src/Orders/Orders.Infrastructure/bin/Debug/net9.0/Orders.Infrastructure.dll
  CheckoutOrchestrator.Infrastructure -> /Users/chidionyema/Documents/code/haworks-platform/.claude/worktrees/fix-build-arch-contract-errors/src/CheckoutOrchestrator/CheckoutOrchestrator.Infrastructure/bin/Debug/net9.0/CheckoutOrchestrator.Infrastructure.dll
  Media.Api -> /Users/chidionyema/Documents/code/haworks-platform/.claude/worktrees/fix-build-arch-contract-errors/src/Media/Media.Api/bin/Debug/net9.0/Media.Api.dll
  Payouts.Domain -> /Users/chidionyema/Documents/code/haworks-platform/.claude/worktrees/fix-build-arch-contract-errors/src/Payouts/Payouts.Domain/bin/Debug/net9.0/Payouts.Domain.dll
  Pricing.Infrastructure -> /Users/chidionyema/Documents/code/haworks-platform/.claude/worktrees/fix-build-arch-contract-errors/src/Pricing/Pricing.Infrastructure/bin/Debug/net9.0/Pricing.Infrastructure.dll
  Webhooks.Application -> /Users/chidionyema/Documents/code/haworks-platform/.claude/worktrees/fix-build-arch-contract-errors/src/Webhooks/Webhooks.Application/bin/Debug/net9.0/Haworks.Webhooks.Application.dll
  Payments.Domain -> /Users/chidionyema/Documents/code/haworks-platform/.claude/worktrees/fix-build-arch-contract-errors/src/Payments/Payments.Domain/bin/Debug/net9.0/Payments.Domain.dll
  RulesEngine.Api -> /Users/chidionyema/Documents/code/haworks-platform/.claude/worktrees/fix-build-arch-contract-errors/src/RulesEngine/RulesEngine.Api/bin/Debug/net9.0/Haworks.RulesEngine.Api.dll
  Location.Application -> /Users/chidionyema/Documents/code/haworks-platform/.claude/worktrees/fix-build-arch-contract-errors/src/Location/Location.Application/bin/Debug/net9.0/Haworks.Location.Application.dll
  Identity.Domain -> /Users/chidionyema/Documents/code/haworks-platform/.claude/worktrees/fix-build-arch-contract-errors/src/Identity/Identity.Domain/bin/Debug/net9.0/Identity.Domain.dll
  Notifications.Application -> /Users/chidionyema/Documents/code/haworks-platform/.claude/worktrees/fix-build-arch-contract-errors/src/Notifications/Notifications.Application/bin/Debug/net9.0/Haworks.Notifications.Application.dll
  BffWeb.Application -> /Users/chidionyema/Documents/code/haworks-platform/.claude/worktrees/fix-build-arch-contract-errors/src/BffWeb/BffWeb.Application/bin/Debug/net9.0/BffWeb.Application.dll
  Location.Infrastructure -> /Users/chidionyema/Documents/code/haworks-platform/.claude/worktrees/fix-build-arch-contract-errors/src/Location/Location.Infrastructure/bin/Debug/net9.0/Haworks.Location.Infrastructure.dll
  Catalog.Infrastructure -> /Users/chidionyema/Documents/code/haworks-platform/.claude/worktrees/fix-build-arch-contract-errors/src/Catalog/Catalog.Infrastructure/bin/Debug/net9.0/Catalog.Infrastructure.dll
  Webhooks.Infrastructure -> /Users/chidionyema/Documents/code/haworks-platform/.claude/worktrees/fix-build-arch-contract-errors/src/Webhooks/Webhooks.Infrastructure/bin/Debug/net9.0/Haworks.Webhooks.Infrastructure.dll
  Payouts.Application -> /Users/chidionyema/Documents/code/haworks-platform/.claude/worktrees/fix-build-arch-contract-errors/src/Payouts/Payouts.Application/bin/Debug/net9.0/Payouts.Application.dll
  Catalog.Unit -> /Users/chidionyema/Documents/code/haworks-platform/.claude/worktrees/fix-build-arch-contract-errors/tests/Catalog/Catalog.Unit/bin/Debug/net9.0/Haworks.Catalog.Unit.dll
  Privacy.Application -> /Users/chidionyema/Documents/code/haworks-platform/.claude/worktrees/fix-build-arch-contract-errors/src/Privacy/Privacy.Application/bin/Debug/net9.0/Privacy.Application.dll
  Location.Unit -> /Users/chidionyema/Documents/code/haworks-platform/.claude/worktrees/fix-build-arch-contract-errors/tests/Location/Location.Unit/bin/Debug/net9.0/Haworks.Location.Unit.dll
  Media.Integration -> /Users/chidionyema/Documents/code/haworks-platform/.claude/worktrees/fix-build-arch-contract-errors/tests/Media/Media.Integration/bin/Debug/net9.0/Media.Integration.dll
  Identity.Application -> /Users/chidionyema/Documents/code/haworks-platform/.claude/worktrees/fix-build-arch-contract-errors/src/Identity/Identity.Application/bin/Debug/net9.0/Identity.Application.dll
  Pricing.Unit -> /Users/chidionyema/Documents/code/haworks-platform/.claude/worktrees/fix-build-arch-contract-errors/tests/Pricing/Pricing.Unit/bin/Debug/net9.0/Haworks.Pricing.Unit.dll
  Notifications.Infrastructure -> /Users/chidionyema/Documents/code/haworks-platform/.claude/worktrees/fix-build-arch-contract-errors/src/Notifications/Notifications.Infrastructure/bin/Debug/net9.0/Haworks.Notifications.Infrastructure.dll
  Scheduler.Application -> /Users/chidionyema/Documents/code/haworks-platform/.claude/worktrees/fix-build-arch-contract-errors/src/Scheduler/Scheduler.Application/bin/Debug/net9.0/Scheduler.Application.dll
  Merchant.Application -> /Users/chidionyema/Documents/code/haworks-platform/.claude/worktrees/fix-build-arch-contract-errors/src/Merchant/Merchant.Application/bin/Debug/net9.0/Merchant.Application.dll
  Search.Application -> /Users/chidionyema/Documents/code/haworks-platform/.claude/worktrees/fix-build-arch-contract-errors/src/Search/Search.Application/bin/Debug/net9.0/Search.Application.dll
  Payments.Application -> /Users/chidionyema/Documents/code/haworks-platform/.claude/worktrees/fix-build-arch-contract-errors/src/Payments/Payments.Application/bin/Debug/net9.0/Payments.Application.dll
  Audit.Application -> /Users/chidionyema/Documents/code/haworks-platform/.claude/worktrees/fix-build-arch-contract-errors/src/Audit/Audit.Application/bin/Debug/net9.0/Haworks.Audit.Application.dll
  RulesEngine.Integration -> /Users/chidionyema/Documents/code/haworks-platform/.claude/worktrees/fix-build-arch-contract-errors/tests/RulesEngine/RulesEngine.Integration/bin/Debug/net9.0/Haworks.RulesEngine.Integration.dll
  Privacy.Infrastructure -> /Users/chidionyema/Documents/code/haworks-platform/.claude/worktrees/fix-build-arch-contract-errors/src/Privacy/Privacy.Infrastructure/bin/Debug/net9.0/Privacy.Infrastructure.dll
  Orders.Api -> /Users/chidionyema/Documents/code/haworks-platform/.claude/worktrees/fix-build-arch-contract-errors/src/Orders/Orders.Api/bin/Debug/net9.0/Orders.Api.dll
  BffWeb.Infrastructure -> /Users/chidionyema/Documents/code/haworks-platform/.claude/worktrees/fix-build-arch-contract-errors/src/BffWeb/BffWeb.Infrastructure/bin/Debug/net9.0/BffWeb.Infrastructure.dll
  Payments.Infrastructure -> /Users/chidionyema/Documents/code/haworks-platform/.claude/worktrees/fix-build-arch-contract-errors/src/Payments/Payments.Infrastructure/bin/Debug/net9.0/Payments.Infrastructure.dll
  Location.Api -> /Users/chidionyema/Documents/code/haworks-platform/.claude/worktrees/fix-build-arch-contract-errors/src/Location/Location.Api/bin/Debug/net9.0/Haworks.Location.Api.dll
  Identity.Infrastructure -> /Users/chidionyema/Documents/code/haworks-platform/.claude/worktrees/fix-build-arch-contract-errors/src/Identity/Identity.Infrastructure/bin/Debug/net9.0/Identity.Infrastructure.dll
  Pricing.Api -> /Users/chidionyema/Documents/code/haworks-platform/.claude/worktrees/fix-build-arch-contract-errors/src/Pricing/Pricing.Api/bin/Debug/net9.0/Pricing.Api.dll
  Payouts.Infrastructure -> /Users/chidionyema/Documents/code/haworks-platform/.claude/worktrees/fix-build-arch-contract-errors/src/Payouts/Payouts.Infrastructure/bin/Debug/net9.0/Payouts.Infrastructure.dll
  CheckoutOrchestrator.Api -> /Users/chidionyema/Documents/code/haworks-platform/.claude/worktrees/fix-build-arch-contract-errors/src/CheckoutOrchestrator/CheckoutOrchestrator.Api/bin/Debug/net9.0/CheckoutOrchestrator.Api.dll
  Webhooks.Api -> /Users/chidionyema/Documents/code/haworks-platform/.claude/worktrees/fix-build-arch-contract-errors/src/Webhooks/Webhooks.Api/bin/Debug/net9.0/Webhooks.Api.dll
  Merchant.Infrastructure -> /Users/chidionyema/Documents/code/haworks-platform/.claude/worktrees/fix-build-arch-contract-errors/src/Merchant/Merchant.Infrastructure/bin/Debug/net9.0/Merchant.Infrastructure.dll
  Audit.Infrastructure -> /Users/chidionyema/Documents/code/haworks-platform/.claude/worktrees/fix-build-arch-contract-errors/src/Audit/Audit.Infrastructure/bin/Debug/net9.0/Haworks.Audit.Infrastructure.dll
  Search.Infrastructure -> /Users/chidionyema/Documents/code/haworks-platform/.claude/worktrees/fix-build-arch-contract-errors/src/Search/Search.Infrastructure/bin/Debug/net9.0/Search.Infrastructure.dll
  Scheduler.Infrastructure -> /Users/chidionyema/Documents/code/haworks-platform/.claude/worktrees/fix-build-arch-contract-errors/src/Scheduler/Scheduler.Infrastructure/bin/Debug/net9.0/Scheduler.Infrastructure.dll
  Scheduler.Unit -> /Users/chidionyema/Documents/code/haworks-platform/.claude/worktrees/fix-build-arch-contract-errors/tests/Scheduler/Scheduler.Unit/bin/Debug/net9.0/Haworks.Scheduler.Unit.dll
  Orders.Unit -> /Users/chidionyema/Documents/code/haworks-platform/.claude/worktrees/fix-build-arch-contract-errors/tests/Orders/Orders.Unit/bin/Debug/net9.0/Haworks.Orders.Unit.dll
  Location.Integration -> /Users/chidionyema/Documents/code/haworks-platform/.claude/worktrees/fix-build-arch-contract-errors/tests/Location/Location.Integration/bin/Debug/net9.0/Haworks.Location.Integration.dll
  Webhooks.Unit -> /Users/chidionyema/Documents/code/haworks-platform/.claude/worktrees/fix-build-arch-contract-errors/tests/Webhooks/Webhooks.Unit/bin/Debug/net9.0/Haworks.Webhooks.Unit.dll
  Webhooks.Integration -> /Users/chidionyema/Documents/code/haworks-platform/.claude/worktrees/fix-build-arch-contract-errors/tests/Webhooks/Webhooks.Integration/bin/Debug/net9.0/Haworks.Webhooks.Integration.dll
  CheckoutOrchestrator.Integration -> /Users/chidionyema/Documents/code/haworks-platform/.claude/worktrees/fix-build-arch-contract-errors/tests/CheckoutOrchestrator/CheckoutOrchestrator.Integration/bin/Debug/net9.0/Haworks.CheckoutOrchestrator.Integration.dll
  Notifications.Api -> /Users/chidionyema/Documents/code/haworks-platform/.claude/worktrees/fix-build-arch-contract-errors/src/Notifications/Notifications.Api/bin/Debug/net9.0/Notifications.Api.dll
  Orders.Architecture -> /Users/chidionyema/Documents/code/haworks-platform/.claude/worktrees/fix-build-arch-contract-errors/tests/Orders/Orders.Architecture/bin/Debug/net9.0/Haworks.Orders.Architecture.dll
  Orders.Integration -> /Users/chidionyema/Documents/code/haworks-platform/.claude/worktrees/fix-build-arch-contract-errors/tests/Orders/Orders.Integration/bin/Debug/net9.0/Haworks.Orders.Integration.dll
  Catalog.Api -> /Users/chidionyema/Documents/code/haworks-platform/.claude/worktrees/fix-build-arch-contract-errors/src/Catalog/Catalog.Api/bin/Debug/net9.0/Catalog.Api.dll
  Merchant.Api -> /Users/chidionyema/Documents/code/haworks-platform/.claude/worktrees/fix-build-arch-contract-errors/src/Merchant/Merchant.Api/bin/Debug/net9.0/Merchant.Api.dll
  Search.Api -> /Users/chidionyema/Documents/code/haworks-platform/.claude/worktrees/fix-build-arch-contract-errors/src/Search/Search.Api/bin/Debug/net9.0/Search.Api.dll
  CheckoutOrchestrator.Unit -> /Users/chidionyema/Documents/code/haworks-platform/.claude/worktrees/fix-build-arch-contract-errors/tests/CheckoutOrchestrator/CheckoutOrchestrator.Unit/bin/Debug/net9.0/Haworks.CheckoutOrchestrator.Unit.dll
  BffWeb.Api -> /Users/chidionyema/Documents/code/haworks-platform/.claude/worktrees/fix-build-arch-contract-errors/src/BffWeb/BffWeb.Api/bin/Debug/net9.0/BffWeb.Api.dll
  CheckoutOrchestrator.Architecture -> /Users/chidionyema/Documents/code/haworks-platform/.claude/worktrees/fix-build-arch-contract-errors/tests/CheckoutOrchestrator/CheckoutOrchestrator.Architecture/bin/Debug/net9.0/Haworks.CheckoutOrchestrator.Architecture.dll
  Payments.Api -> /Users/chidionyema/Documents/code/haworks-platform/.claude/worktrees/fix-build-arch-contract-errors/src/Payments/Payments.Api/bin/Debug/net9.0/Payments.Api.dll
  Merchant.Unit -> /Users/chidionyema/Documents/code/haworks-platform/.claude/worktrees/fix-build-arch-contract-errors/tests/Merchant/Merchant.Unit/bin/Debug/net9.0/Haworks.Merchant.Unit.dll
  Identity.Api -> /Users/chidionyema/Documents/code/haworks-platform/.claude/worktrees/fix-build-arch-contract-errors/src/Identity/Identity.Api/bin/Debug/net9.0/Identity.Api.dll
  Catalog.Architecture -> /Users/chidionyema/Documents/code/haworks-platform/.claude/worktrees/fix-build-arch-contract-errors/tests/Catalog/Catalog.Architecture/bin/Debug/net9.0/Haworks.Catalog.Architecture.dll
  Payouts.Api -> /Users/chidionyema/Documents/code/haworks-platform/.claude/worktrees/fix-build-arch-contract-errors/src/Payouts/Payouts.Api/bin/Debug/net9.0/Payouts.Api.dll
  Privacy.Unit -> /Users/chidionyema/Documents/code/haworks-platform/.claude/worktrees/fix-build-arch-contract-errors/tests/Privacy/Privacy.Unit/bin/Debug/net9.0/Haworks.Privacy.Unit.dll
  Payouts.Unit -> /Users/chidionyema/Documents/code/haworks-platform/.claude/worktrees/fix-build-arch-contract-errors/tests/Payouts/Payouts.Unit/bin/Debug/net9.0/Payouts.Unit.dll
  Search.Unit -> /Users/chidionyema/Documents/code/haworks-platform/.claude/worktrees/fix-build-arch-contract-errors/tests/Search/Search.Unit/bin/Debug/net9.0/Search.Unit.dll
  Search.Integration -> /Users/chidionyema/Documents/code/haworks-platform/.claude/worktrees/fix-build-arch-contract-errors/tests/Search/Search.Integration/bin/Debug/net9.0/Search.Integration.dll
  Platform.ArchitecturalGuards -> /Users/chidionyema/Documents/code/haworks-platform/.claude/worktrees/fix-build-arch-contract-errors/tests/Platform.ArchitecturalGuards/bin/Debug/net9.0/Haworks.Platform.ArchitecturalGuards.dll
  Payouts.Architecture -> /Users/chidionyema/Documents/code/haworks-platform/.claude/worktrees/fix-build-arch-contract-errors/tests/Payouts/Payouts.Architecture/bin/Debug/net9.0/Haworks.Payouts.Architecture.dll
  Payouts.Integration -> /Users/chidionyema/Documents/code/haworks-platform/.claude/worktrees/fix-build-arch-contract-errors/tests/Payouts/Payouts.Integration/bin/Debug/net9.0/Haworks.Payouts.Integration.dll
  Identity.Architecture -> /Users/chidionyema/Documents/code/haworks-platform/.claude/worktrees/fix-build-arch-contract-errors/tests/Identity/Identity.Architecture/bin/Debug/net9.0/Haworks.Identity.Architecture.dll
  BffWeb.Integration -> /Users/chidionyema/Documents/code/haworks-platform/.claude/worktrees/fix-build-arch-contract-errors/tests/BffWeb/BffWeb.Integration/bin/Debug/net9.0/Haworks.BffWeb.Integration.dll
  Identity.Integration -> /Users/chidionyema/Documents/code/haworks-platform/.claude/worktrees/fix-build-arch-contract-errors/tests/Identity/Identity.Integration/bin/Debug/net9.0/Haworks.Identity.Integration.dll
  Merchant.Architecture -> /Users/chidionyema/Documents/code/haworks-platform/.claude/worktrees/fix-build-arch-contract-errors/tests/Merchant/Merchant.Architecture/bin/Debug/net9.0/Haworks.Merchant.Architecture.dll
  BffWeb.Architecture -> /Users/chidionyema/Documents/code/haworks-platform/.claude/worktrees/fix-build-arch-contract-errors/tests/BffWeb/BffWeb.Architecture/bin/Debug/net9.0/Haworks.BffWeb.Architecture.dll
  Privacy.Api -> /Users/chidionyema/Documents/code/haworks-platform/.claude/worktrees/fix-build-arch-contract-errors/src/Privacy/Privacy.Api/bin/Debug/net9.0/Privacy.Api.dll
  Identity.Unit -> /Users/chidionyema/Documents/code/haworks-platform/.claude/worktrees/fix-build-arch-contract-errors/tests/Identity/Identity.Unit/bin/Debug/net9.0/Haworks.Identity.Unit.dll
  Catalog.Integration -> /Users/chidionyema/Documents/code/haworks-platform/.claude/worktrees/fix-build-arch-contract-errors/tests/Catalog/Catalog.Integration/bin/Debug/net9.0/Haworks.Catalog.Integration.dll
  Merchant.Integration -> /Users/chidionyema/Documents/code/haworks-platform/.claude/worktrees/fix-build-arch-contract-errors/tests/Merchant/Merchant.Integration/bin/Debug/net9.0/Haworks.Merchant.Integration.dll
  Payments.Unit -> /Users/chidionyema/Documents/code/haworks-platform/.claude/worktrees/fix-build-arch-contract-errors/tests/Payments/Payments.Unit/bin/Debug/net9.0/Haworks.Payments.Unit.dll
  Notifications.Unit -> /Users/chidionyema/Documents/code/haworks-platform/.claude/worktrees/fix-build-arch-contract-errors/tests/Notifications/Notifications.Unit/bin/Debug/net9.0/Haworks.Notifications.Unit.dll
  Privacy.Architecture -> /Users/chidionyema/Documents/code/haworks-platform/.claude/worktrees/fix-build-arch-contract-errors/tests/Privacy/Privacy.Architecture/bin/Debug/net9.0/Haworks.Privacy.Architecture.dll
  Audit.Api -> /Users/chidionyema/Documents/code/haworks-platform/.claude/worktrees/fix-build-arch-contract-errors/src/Audit/Audit.Api/bin/Debug/net9.0/Audit.Api.dll
  Payments.Architecture -> /Users/chidionyema/Documents/code/haworks-platform/.claude/worktrees/fix-build-arch-contract-errors/tests/Payments/Payments.Architecture/bin/Debug/net9.0/Haworks.Payments.Architecture.dll
  Privacy.Integration -> /Users/chidionyema/Documents/code/haworks-platform/.claude/worktrees/fix-build-arch-contract-errors/tests/Privacy/Privacy.Integration/bin/Debug/net9.0/Haworks.Privacy.Integration.dll
  Notifications.Integration -> /Users/chidionyema/Documents/code/haworks-platform/.claude/worktrees/fix-build-arch-contract-errors/tests/Notifications/Notifications.Integration/bin/Debug/net9.0/Haworks.Notifications.Integration.dll
  Payments.Integration -> /Users/chidionyema/Documents/code/haworks-platform/.claude/worktrees/fix-build-arch-contract-errors/tests/Payments/Payments.Integration/bin/Debug/net9.0/Haworks.Payments.Integration.dll
  Scheduler.Architecture -> /Users/chidionyema/Documents/code/haworks-platform/.claude/worktrees/fix-build-arch-contract-errors/tests/Scheduler/Scheduler.Architecture/bin/Debug/net9.0/Haworks.Scheduler.Architecture.dll
  Scheduler.Api -> /Users/chidionyema/Documents/code/haworks-platform/.claude/worktrees/fix-build-arch-contract-errors/src/Scheduler/Scheduler.Api/bin/Debug/net9.0/Scheduler.Api.dll
  Audit.Integration -> /Users/chidionyema/Documents/code/haworks-platform/.claude/worktrees/fix-build-arch-contract-errors/tests/Audit/Audit.Integration/bin/Debug/net9.0/Haworks.Audit.Integration.dll
  Audit.Unit -> /Users/chidionyema/Documents/code/haworks-platform/.claude/worktrees/fix-build-arch-contract-errors/tests/Audit/Audit.Unit/bin/Debug/net9.0/Haworks.Audit.Unit.dll
/Users/chidionyema/.dotnet/tools/.nuget/packages/aspire.hosting.apphost/13.3.3/build/Aspire.Hosting.AppHost.targets(172,5): warning ASPIRE004: '/Users/chidionyema/Documents/code/haworks-platform/.claude/worktrees/fix-build-arch-contract-errors/src/Analyzers/Haworks.Architecture.Analyzers/Haworks.Architecture.Analyzers.csproj' is referenced by an Aspire Host project, but it is not an executable. Did you mean to set IsAspireProjectResource="false"? [/Users/chidionyema/Documents/code/haworks-platform/.claude/worktrees/fix-build-arch-contract-errors/deploy/aspire/HaworksPlatform.AppHost.csproj]
  HaworksPlatform.AppHost -> /Users/chidionyema/Documents/code/haworks-platform/.claude/worktrees/fix-build-arch-contract-errors/deploy/aspire/bin/Debug/net9.0/HaworksPlatform.AppHost.dll
  Smoke -> /Users/chidionyema/Documents/code/haworks-platform/.claude/worktrees/fix-build-arch-contract-errors/tests/Smoke/bin/Debug/net9.0/Smoke.dll
  E2E -> /Users/chidionyema/Documents/code/haworks-platform/.claude/worktrees/fix-build-arch-contract-errors/tests/E2E/bin/Debug/net9.0/E2E.dll
  Scheduler.Integration -> /Users/chidionyema/Documents/code/haworks-platform/.claude/worktrees/fix-build-arch-contract-errors/tests/Scheduler/Scheduler.Integration/bin/Debug/net9.0/Haworks.Scheduler.Integration.dll

Build succeeded.

/Users/chidionyema/.dotnet/tools/.nuget/packages/aspire.hosting.apphost/13.3.3/build/Aspire.Hosting.AppHost.targets(172,5): warning ASPIRE004: '/Users/chidionyema/Documents/code/haworks-platform/.claude/worktrees/fix-build-arch-contract-errors/src/Analyzers/Haworks.Architecture.Analyzers/Haworks.Architecture.Analyzers.csproj' is referenced by an Aspire Host project, but it is not an executable. Did you mean to set IsAspireProjectResource="false"? [/Users/chidionyema/Documents/code/haworks-platform/.claude/worktrees/fix-build-arch-contract-errors/deploy/aspire/HaworksPlatform.AppHost.csproj]
    1 Warning(s)
    0 Error(s)

Time Elapsed 00:00:43.08
